Введите первоначальный размер строки:
Введите строку:
Количество : 1 - 2
Количество : 2 - 1
Количество : 3 - 1
Количество : 4 - 1
Других цифр в строке нет

