Введите первоначальный размер строки:
Введите строку:
Количество : 1 - 1
Других цифр в строке нет
