Введите первоначальный размер строки:
Введите строку:
Количество : 0 - 1
Количество : 1 - 1
Количество : 2 - 1
Количество : 3 - 1
Количество : 4 - 1
Количество : 5 - 1
Количество : 6 - 1
Количество : 7 - 1
Количество : 8 - 1
Количество : 9 - 1
Других цифр в строке нет
