Введите первоначальный размер строки:
Введите строку:
Других цифр в строке нет
 
 
 
